
28 2 z 9 3 50 18 29 2 x 17 2 y 18 21 2 x 20 2 z 18 25 2 x 13 3 0 26 21 2 x 20 2 x 5 3 1 18 2 y 20 2 z 5 2 x 18 22 18 2 y 20 2 x 4 3 1 18 22 19 
